main.c:90:5:main	104	static
main.c:175:6:SystemClock_Config	88	static
main.c:221:13:MX_ADC1_Init	24	static
main.c:266:13:MX_I2C1_Init	8	static
main.c:300:13:MX_TIM1_Init	56	static
main.c:350:13:MX_TIM2_Init	56	static
main.c:397:13:MX_DMA_Init	16	static
main.c:415:13:MX_GPIO_Init	40	static
main.c:438:6:configMpuRegister	32	static
main.c:445:6:readMpu	24	static
main.c:466:6:StartADCTask	16	static
main.c:486:6:StartMpuTask	16	static
main.c:507:6:StartPidSTsk	16	static
main.c:526:6:HAL_TIM_PeriodElapsedCallback	16	static
main.c:543:6:Error_Handler	4	static,ignoring_inline_asm
