main.c:82:6:HAL_UART_RxCpltCallback	16	static
main.c:93:5:main	48	static
main.c:181:6:SystemClock_Config	72	static
main.c:220:13:MX_TIM1_Init	56	static
main.c:270:13:MX_TIM2_Init	64	static
main.c:333:13:MX_TIM3_Init	32	static
main.c:378:13:MX_TIM4_Init	56	static
main.c:427:13:MX_USART2_UART_Init	8	static
main.c:458:13:MX_DMA_Init	16	static
main.c:476:13:MX_GPIO_Init	40	static
main.c:522:6:HAL_TIM_PeriodElapsedCallback	24	static,ignoring_inline_asm
main.c:539:6:hBridge	16	static
main.c:568:6:Error_Handler	4	static,ignoring_inline_asm
